Component: Arm Compiler for Embedded 6.22 Tool: armlink [5ee90200]

==============================================================================

Section Cross References

    main.o(.text.main) refers to kernel.o(.text) for Kernel_Init
    main.o(.ARM.exidx.text.main) refers to main.o(.text.main) for [Anonymous Symbol]
    kernel.o(.text) refers to kernel.o(.data) for KER_TICK_SS
    arm_startup_nrf52.o(STACK) refers (Special) to heapauxi.o(.text) for __use_two_region_memory
    arm_startup_nrf52.o(HEAP) refers (Special) to heapauxi.o(.text) for __use_two_region_memory
    arm_startup_nrf52.o(RESET) refers (Special) to heapauxi.o(.text) for __use_two_region_memory
    arm_startup_nrf52.o(RESET) refers to arm_startup_nrf52.o(STACK) for __initial_sp
    arm_startup_nrf52.o(RESET) refers to arm_startup_nrf52.o(.text) for Reset_Handler
    arm_startup_nrf52.o(RESET) refers to kernel.o(.text) for PendSV_Handler
    arm_startup_nrf52.o(.text) refers (Special) to heapauxi.o(.text) for __use_two_region_memory
    arm_startup_nrf52.o(.text) refers to system_nrf52.o(.text.SystemInit) for SystemInit
    arm_startup_nrf52.o(.text) refers to __main.o(!!!main) for __main
    arm_startup_nrf52.o(.text) refers to arm_startup_nrf52.o(HEAP) for Heap_Mem
    arm_startup_nrf52.o(.text) refers to arm_startup_nrf52.o(STACK) for Stack_Mem
    system_nrf52.o(.ARM.exidx.text.nvmc_wait) refers to system_nrf52.o(.text.nvmc_wait) for [Anonymous Symbol]
    system_nrf52.o(.text.nvmc_config) refers to system_nrf52.o(.text.nvmc_wait) for nvmc_wait
    system_nrf52.o(.ARM.exidx.text.nvmc_config) refers to system_nrf52.o(.text.nvmc_config) for [Anonymous Symbol]
    system_nrf52.o(.text.SystemCoreClockUpdate) refers to system_nrf52.o(.data.SystemCoreClock) for SystemCoreClock
    system_nrf52.o(.ARM.exidx.text.SystemCoreClockUpdate) refers to system_nrf52.o(.text.SystemCoreClockUpdate) for [Anonymous Symbol]
    system_nrf52.o(.text.SystemInit) refers to system_nrf52.o(.text.nrf52_errata_12) for nrf52_errata_12
    system_nrf52.o(.text.SystemInit) refers to system_nrf52.o(.text.nrf52_errata_16) for nrf52_errata_16
    system_nrf52.o(.text.SystemInit) refers to system_nrf52.o(.text.nrf52_errata_31) for nrf52_errata_31
    system_nrf52.o(.text.SystemInit) refers to system_nrf52.o(.text.nrf52_errata_32) for nrf52_errata_32
    system_nrf52.o(.text.SystemInit) refers to system_nrf52.o(.text.nrf52_errata_36) for nrf52_errata_36
    system_nrf52.o(.text.SystemInit) refers to system_nrf52.o(.text.nrf52_errata_37) for nrf52_errata_37
    system_nrf52.o(.text.SystemInit) refers to system_nrf52.o(.text.nrf52_errata_57) for nrf52_errata_57
    system_nrf52.o(.text.SystemInit) refers to system_nrf52.o(.text.nrf52_errata_66) for nrf52_errata_66
    system_nrf52.o(.text.SystemInit) refers to system_nrf52.o(.text.nrf52_errata_108) for nrf52_errata_108
    system_nrf52.o(.text.SystemInit) refers to system_nrf52.o(.text.nrf52_errata_136) for nrf52_errata_136
    system_nrf52.o(.text.SystemInit) refers to system_nrf52.o(.text.nrf52_errata_182) for nrf52_errata_182
    system_nrf52.o(.text.SystemInit) refers to system_nrf52.o(.text.nrf52_handle_approtect) for nrf52_handle_approtect
    system_nrf52.o(.text.SystemInit) refers to system_nrf52.o(.text.SystemCoreClockUpdate) for SystemCoreClockUpdate
    system_nrf52.o(.ARM.exidx.text.SystemInit) refers to system_nrf52.o(.text.SystemInit) for [Anonymous Symbol]
    system_nrf52.o(.ARM.exidx.text.nrf52_errata_12) refers to system_nrf52.o(.text.nrf52_errata_12) for [Anonymous Symbol]
    system_nrf52.o(.ARM.exidx.text.nrf52_errata_16) refers to system_nrf52.o(.text.nrf52_errata_16) for [Anonymous Symbol]
    system_nrf52.o(.ARM.exidx.text.nrf52_errata_31) refers to system_nrf52.o(.text.nrf52_errata_31) for [Anonymous Symbol]
    system_nrf52.o(.ARM.exidx.text.nrf52_errata_32) refers to system_nrf52.o(.text.nrf52_errata_32) for [Anonymous Symbol]
    system_nrf52.o(.ARM.exidx.text.nrf52_errata_36) refers to system_nrf52.o(.text.nrf52_errata_36) for [Anonymous Symbol]
    system_nrf52.o(.ARM.exidx.text.nrf52_errata_37) refers to system_nrf52.o(.text.nrf52_errata_37) for [Anonymous Symbol]
    system_nrf52.o(.ARM.exidx.text.nrf52_errata_57) refers to system_nrf52.o(.text.nrf52_errata_57) for [Anonymous Symbol]
    system_nrf52.o(.ARM.exidx.text.nrf52_errata_66) refers to system_nrf52.o(.text.nrf52_errata_66) for [Anonymous Symbol]
    system_nrf52.o(.ARM.exidx.text.nrf52_errata_108) refers to system_nrf52.o(.text.nrf52_errata_108) for [Anonymous Symbol]
    system_nrf52.o(.ARM.exidx.text.nrf52_errata_136) refers to system_nrf52.o(.text.nrf52_errata_136) for [Anonymous Symbol]
    system_nrf52.o(.ARM.exidx.text.nrf52_errata_182) refers to system_nrf52.o(.text.nrf52_errata_182) for [Anonymous Symbol]
    system_nrf52.o(.text.nrf52_handle_approtect) refers to system_nrf52.o(.text.nrf52_configuration_249) for nrf52_configuration_249
    system_nrf52.o(.ARM.exidx.text.nrf52_handle_approtect) refers to system_nrf52.o(.text.nrf52_handle_approtect) for [Anonymous Symbol]
    system_nrf52.o(.ARM.exidx.text.nrf52_configuration_249) refers to system_nrf52.o(.text.nrf52_configuration_249) for [Anonymous Symbol]
    __main.o(!!!main) refers to __rtentry.o(.ARM.Collect$$rtentry$$00000000) for __rt_entry
    __rtentry.o(.ARM.Collect$$rtentry$$00000000) refers (Special) to __rtentry2.o(.ARM.Collect$$rtentry$$0000000A) for __rt_entry_li
    __rtentry.o(.ARM.Collect$$rtentry$$00000000) refers (Special) to __rtentry2.o(.ARM.Collect$$rtentry$$0000000D) for __rt_entry_main
    __rtentry.o(.ARM.Collect$$rtentry$$00000000) refers (Special) to __rtentry2.o(.ARM.Collect$$rtentry$$0000000C) for __rt_entry_postli_1
    __rtentry.o(.ARM.Collect$$rtentry$$00000000) refers (Special) to __rtentry2.o(.ARM.Collect$$rtentry$$00000009) for __rt_entry_postsh_1
    __rtentry.o(.ARM.Collect$$rtentry$$00000000) refers (Special) to __rtentry2.o(.ARM.Collect$$rtentry$$00000002) for __rt_entry_presh_1
    __rtentry.o(.ARM.Collect$$rtentry$$00000000) refers (Special) to __rtentry4.o(.ARM.Collect$$rtentry$$00000004) for __rt_entry_sh
    __rtentry2.o(.ARM.Collect$$rtentry$$00000008) refers to boardinit2.o(.text) for _platform_post_stackheap_init
    __rtentry2.o(.ARM.Collect$$rtentry$$0000000A) refers to libinit.o(.ARM.Collect$$libinit$$00000000) for __rt_lib_init
    __rtentry2.o(.ARM.Collect$$rtentry$$0000000B) refers to boardinit3.o(.text) for _platform_post_lib_init
    __rtentry2.o(.ARM.Collect$$rtentry$$0000000D) refers to main.o(.text.main) for main
    __rtentry2.o(.ARM.Collect$$rtentry$$0000000D) refers to exit.o(.text) for exit
    __rtentry2.o(.ARM.exidx) refers to __rtentry2.o(.ARM.Collect$$rtentry$$00000001) for .ARM.Collect$$rtentry$$00000001
    __rtentry2.o(.ARM.exidx) refers to __rtentry2.o(.ARM.Collect$$rtentry$$00000008) for .ARM.Collect$$rtentry$$00000008
    __rtentry2.o(.ARM.exidx) refers to __rtentry2.o(.ARM.Collect$$rtentry$$0000000A) for .ARM.Collect$$rtentry$$0000000A
    __rtentry2.o(.ARM.exidx) refers to __rtentry2.o(.ARM.Collect$$rtentry$$0000000B) for .ARM.Collect$$rtentry$$0000000B
    __rtentry2.o(.ARM.exidx) refers to __rtentry2.o(.ARM.Collect$$rtentry$$0000000D) for .ARM.Collect$$rtentry$$0000000D
    __rtentry4.o(.ARM.Collect$$rtentry$$00000004) refers to sys_stackheap_outer.o(.text) for __user_setup_stackheap
    __rtentry4.o(.ARM.exidx) refers to __rtentry4.o(.ARM.Collect$$rtentry$$00000004) for .ARM.Collect$$rtentry$$00000004
    sys_stackheap_outer.o(.text) refers to libspace.o(.text) for __user_perproc_libspace
    sys_stackheap_outer.o(.text) refers to arm_startup_nrf52.o(.text) for __user_initial_stackheap
    exit.o(.text) refers to rtexit.o(.ARM.Collect$$rtexit$$00000000) for __rt_exit
    libinit.o(.ARM.Collect$$libinit$$00000000) refers (Special) to libinit2.o(.ARM.Collect$$libinit$$00000030) for __rt_lib_init_alloca_1
    libinit.o(.ARM.Collect$$libinit$$00000000) refers (Special) to libinit2.o(.ARM.Collect$$libinit$$0000002E) for __rt_lib_init_argv_1
    libinit.o(.ARM.Collect$$libinit$$00000000) refers (Special) to libinit2.o(.ARM.Collect$$libinit$$0000001D) for __rt_lib_init_atexit_1
    libinit.o(.ARM.Collect$$libinit$$00000000) refers (Special) to libinit2.o(.ARM.Collect$$libinit$$00000023) for __rt_lib_init_clock_1
    libinit.o(.ARM.Collect$$libinit$$00000000) refers (Special) to libinit2.o(.ARM.Collect$$libinit$$00000034) for __rt_lib_init_cpp_1
    libinit.o(.ARM.Collect$$libinit$$00000000) refers (Special) to libinit2.o(.ARM.Collect$$libinit$$00000032) for __rt_lib_init_exceptions_1
    libinit.o(.ARM.Collect$$libinit$$00000000) refers (Special) to libinit2.o(.ARM.Collect$$libinit$$00000001) for __rt_lib_init_fp_1
    libinit.o(.ARM.Collect$$libinit$$00000000) refers (Special) to libinit2.o(.ARM.Collect$$libinit$$00000021) for __rt_lib_init_fp_trap_1
    libinit.o(.ARM.Collect$$libinit$$00000000) refers (Special) to libinit2.o(.ARM.Collect$$libinit$$00000025) for __rt_lib_init_getenv_1
    libinit.o(.ARM.Collect$$libinit$$00000000) refers (Special) to libinit2.o(.ARM.Collect$$libinit$$0000000C) for __rt_lib_init_heap_1
    libinit.o(.ARM.Collect$$libinit$$00000000) refers (Special) to libinit2.o(.ARM.Collect$$libinit$$00000013) for __rt_lib_init_lc_collate_1
    libinit.o(.ARM.Collect$$libinit$$00000000) refers (Special) to libinit2.o(.ARM.Collect$$libinit$$00000015) for __rt_lib_init_lc_ctype_1
    libinit.o(.ARM.Collect$$libinit$$00000000) refers (Special) to libinit2.o(.ARM.Collect$$libinit$$00000017) for __rt_lib_init_lc_monetary_1
    libinit.o(.ARM.Collect$$libinit$$00000000) refers (Special) to libinit2.o(.ARM.Collect$$libinit$$00000019) for __rt_lib_init_lc_numeric_1
    libinit.o(.ARM.Collect$$libinit$$00000000) refers (Special) to libinit2.o(.ARM.Collect$$libinit$$0000001B) for __rt_lib_init_lc_time_1
    libinit.o(.ARM.Collect$$libinit$$00000000) refers (Special) to libinit2.o(.ARM.Collect$$libinit$$00000006) for __rt_lib_init_preinit_1
    libinit.o(.ARM.Collect$$libinit$$00000000) refers (Special) to libinit2.o(.ARM.Collect$$libinit$$00000010) for __rt_lib_init_rand_1
    libinit.o(.ARM.Collect$$libinit$$00000000) refers (Special) to libinit2.o(.ARM.Collect$$libinit$$00000004) for __rt_lib_init_relocate_pie_1
    libinit.o(.ARM.Collect$$libinit$$00000000) refers (Special) to libinit2.o(.ARM.Collect$$libinit$$00000035) for __rt_lib_init_return
    libinit.o(.ARM.Collect$$libinit$$00000000) refers (Special) to libinit2.o(.ARM.Collect$$libinit$$0000001F) for __rt_lib_init_signal_1
    libinit.o(.ARM.Collect$$libinit$$00000000) refers (Special) to libinit2.o(.ARM.Collect$$libinit$$00000027) for __rt_lib_init_stdio_1
    libinit.o(.ARM.Collect$$libinit$$00000000) refers (Special) to libinit2.o(.ARM.Collect$$libinit$$0000000E) for __rt_lib_init_user_alloc_1
    libspace.o(.text) refers to libspace.o(.bss) for __libspace_start
    rtexit.o(.ARM.Collect$$rtexit$$00000000) refers (Special) to rtexit2.o(.ARM.Collect$$rtexit$$00000004) for __rt_exit_exit
    rtexit.o(.ARM.Collect$$rtexit$$00000000) refers (Special) to rtexit2.o(.ARM.Collect$$rtexit$$00000003) for __rt_exit_ls
    rtexit.o(.ARM.Collect$$rtexit$$00000000) refers (Special) to rtexit2.o(.ARM.Collect$$rtexit$$00000002) for __rt_exit_prels_1
    rtexit.o(.ARM.exidx) refers (Special) to rtexit2.o(.ARM.Collect$$rtexit$$00000004) for __rt_exit_exit
    rtexit.o(.ARM.exidx) refers (Special) to rtexit2.o(.ARM.Collect$$rtexit$$00000003) for __rt_exit_ls
    rtexit.o(.ARM.exidx) refers (Special) to rtexit2.o(.ARM.Collect$$rtexit$$00000002) for __rt_exit_prels_1
    rtexit.o(.ARM.exidx) refers to rtexit.o(.ARM.Collect$$rtexit$$00000000) for .ARM.Collect$$rtexit$$00000000
    libinit2.o(.ARM.Collect$$libinit$$00000001) refers to fpinit.o(x$fpl$fpinit) for _fp_init
    libinit2.o(.ARM.Collect$$libinit$$00000012) refers to libinit2.o(.ARM.Collect$$libinit$$00000011) for .ARM.Collect$$libinit$$00000011
    libinit2.o(.ARM.Collect$$libinit$$00000014) refers to libinit2.o(.ARM.Collect$$libinit$$00000011) for .ARM.Collect$$libinit$$00000011
    libinit2.o(.ARM.Collect$$libinit$$00000016) refers to libinit2.o(.ARM.Collect$$libinit$$00000011) for .ARM.Collect$$libinit$$00000011
    libinit2.o(.ARM.Collect$$libinit$$00000018) refers to libinit2.o(.ARM.Collect$$libinit$$00000011) for .ARM.Collect$$libinit$$00000011
    libinit2.o(.ARM.Collect$$libinit$$0000001A) refers to libinit2.o(.ARM.Collect$$libinit$$00000011) for .ARM.Collect$$libinit$$00000011
    libinit2.o(.ARM.Collect$$libinit$$00000028) refers to argv_veneer.o(.emb_text) for __ARM_argv_veneer
    libinit2.o(.ARM.Collect$$libinit$$00000029) refers to argv_veneer.o(.emb_text) for __ARM_argv_veneer
    rtexit2.o(.ARM.Collect$$rtexit$$00000003) refers to libshutdown.o(.ARM.Collect$$libshutdown$$00000000) for __rt_lib_shutdown
    rtexit2.o(.ARM.Collect$$rtexit$$00000004) refers to sys_exit.o(.text) for _sys_exit
    rtexit2.o(.ARM.exidx) refers to rtexit2.o(.ARM.Collect$$rtexit$$00000001) for .ARM.Collect$$rtexit$$00000001
    rtexit2.o(.ARM.exidx) refers to rtexit2.o(.ARM.Collect$$rtexit$$00000003) for .ARM.Collect$$rtexit$$00000003
    rtexit2.o(.ARM.exidx) refers to rtexit2.o(.ARM.Collect$$rtexit$$00000004) for .ARM.Collect$$rtexit$$00000004
    argv_veneer.o(.emb_text) refers to no_argv.o(.text) for __ARM_get_argv
    sys_exit.o(.text) refers (Special) to use_no_semi.o(.text) for __I$use$semihosting
    sys_exit.o(.text) refers (Special) to indicate_semi.o(.text) for __semihosting_library_function
    sys_exit_hlt.o(.text) refers (Special) to use_no_semi.o(.text) for __I$use$semihosting
    sys_exit_hlt.o(.text) refers (Special) to indicate_semi.o(.text) for __semihosting_library_function
    _get_argv_nomalloc.o(.text) refers (Special) to hrguard.o(.text) for __heap_region$guard
    _get_argv_nomalloc.o(.text) refers to defsig_rtmem_outer.o(.text) for __rt_SIGRTMEM
    _get_argv_nomalloc.o(.text) refers to sys_command.o(.text) for _sys_command_string
    libshutdown.o(.ARM.Collect$$libshutdown$$00000000) refers (Special) to libshutdown2.o(.ARM.Collect$$libshutdown$$00000002) for __rt_lib_shutdown_cpp_1
    libshutdown.o(.ARM.Collect$$libshutdown$$00000000) refers (Special) to libshutdown2.o(.ARM.Collect$$libshutdown$$00000007) for __rt_lib_shutdown_fp_trap_1
    libshutdown.o(.ARM.Collect$$libshutdown$$00000000) refers (Special) to libshutdown2.o(.ARM.Collect$$libshutdown$$0000000F) for __rt_lib_shutdown_heap_1
    libshutdown.o(.ARM.Collect$$libshutdown$$00000000) refers (Special) to libshutdown2.o(.ARM.Collect$$libshutdown$$00000010) for __rt_lib_shutdown_return
    libshutdown.o(.ARM.Collect$$libshutdown$$00000000) refers (Special) to libshutdown2.o(.ARM.Collect$$libshutdown$$0000000A) for __rt_lib_shutdown_signal_1
    libshutdown.o(.ARM.Collect$$libshutdown$$00000000) refers (Special) to libshutdown2.o(.ARM.Collect$$libshutdown$$00000004) for __rt_lib_shutdown_stdio_1
    libshutdown.o(.ARM.Collect$$libshutdown$$00000000) refers (Special) to libshutdown2.o(.ARM.Collect$$libshutdown$$0000000C) for __rt_lib_shutdown_user_alloc_1
    sys_command.o(.text) refers (Special) to use_no_semi.o(.text) for __I$use$semihosting
    sys_command.o(.text) refers (Special) to indicate_semi.o(.text) for __semihosting_library_function
    sys_command_hlt.o(.text) refers (Special) to use_no_semi.o(.text) for __I$use$semihosting
    sys_command_hlt.o(.text) refers (Special) to indicate_semi.o(.text) for __semihosting_library_function
    defsig_rtmem_outer.o(.text) refers to defsig_rtmem_inner.o(.text) for __rt_SIGRTMEM_inner
    defsig_rtmem_outer.o(.text) refers to defsig_exit.o(.text) for __sig_exit
    defsig_rtmem_formal.o(.text) refers to rt_raise.o(.text) for __rt_raise
    rt_raise.o(.text) refers to __raise.o(.text) for __raise
    rt_raise.o(.text) refers to sys_exit.o(.text) for _sys_exit
    defsig_exit.o(.text) refers to sys_exit.o(.text) for _sys_exit
    defsig_rtmem_inner.o(.text) refers to defsig_general.o(.text) for __default_signal_display
    __raise.o(.text) refers to defsig.o(CL$$defsig) for __default_signal_handler
    defsig_general.o(.text) refers to sys_wrch.o(.text) for _ttywrch
    sys_wrch.o(.text) refers (Special) to use_no_semi.o(.text) for __I$use$semihosting
    sys_wrch.o(.text) refers (Special) to indicate_semi.o(.text) for __semihosting_library_function
    sys_wrch_hlt.o(.text) refers (Special) to use_no_semi.o(.text) for __I$use$semihosting
    sys_wrch_hlt.o(.text) refers (Special) to indicate_semi.o(.text) for __semihosting_library_function
    defsig.o(CL$$defsig) refers to defsig_rtmem_inner.o(.text) for __rt_SIGRTMEM_inner
    defsig_abrt_inner.o(.text) refers to defsig_general.o(.text) for __default_signal_display
    defsig_fpe_inner.o(.text) refers to defsig_general.o(.text) for __default_signal_display
    defsig_rtred_inner.o(.text) refers to defsig_general.o(.text) for __default_signal_display
    defsig_stak_inner.o(.text) refers to defsig_general.o(.text) for __default_signal_display
    defsig_pvfn_inner.o(.text) refers to defsig_general.o(.text) for __default_signal_display
    defsig_cppl_inner.o(.text) refers to defsig_general.o(.text) for __default_signal_display
    defsig_segv_inner.o(.text) refers to defsig_general.o(.text) for __default_signal_display
    defsig_other.o(.text) refers to defsig_general.o(.text) for __default_signal_display


==============================================================================

Removing Unused input sections from the image.

    Removing main.o(.text), (0 bytes).
    Removing main.o(.ARM.exidx.text.main), (8 bytes).
    Removing main.o(.ARM.use_no_argv), (4 bytes).
    Removing kernel.o(.constdata), (0 bytes).
    Removing system_nrf52.o(.text), (0 bytes).
    Removing system_nrf52.o(.text.nvmc_wait), (20 bytes).
    Removing system_nrf52.o(.ARM.exidx.text.nvmc_wait), (8 bytes).
    Removing system_nrf52.o(.text.nvmc_config), (26 bytes).
    Removing system_nrf52.o(.ARM.exidx.text.nvmc_config), (8 bytes).
    Removing system_nrf52.o(.ARM.exidx.text.SystemCoreClockUpdate), (8 bytes).
    Removing system_nrf52.o(.ARM.exidx.text.SystemInit), (8 bytes).
    Removing system_nrf52.o(.ARM.exidx.text.nrf52_errata_12), (8 bytes).
    Removing system_nrf52.o(.ARM.exidx.text.nrf52_errata_16), (8 bytes).
    Removing system_nrf52.o(.ARM.exidx.text.nrf52_errata_31), (8 bytes).
    Removing system_nrf52.o(.ARM.exidx.text.nrf52_errata_32), (8 bytes).
    Removing system_nrf52.o(.ARM.exidx.text.nrf52_errata_36), (8 bytes).
    Removing system_nrf52.o(.ARM.exidx.text.nrf52_errata_37), (8 bytes).
    Removing system_nrf52.o(.ARM.exidx.text.nrf52_errata_57), (8 bytes).
    Removing system_nrf52.o(.ARM.exidx.text.nrf52_errata_66), (8 bytes).
    Removing system_nrf52.o(.ARM.exidx.text.nrf52_errata_108), (8 bytes).
    Removing system_nrf52.o(.ARM.exidx.text.nrf52_errata_136), (8 bytes).
    Removing system_nrf52.o(.ARM.exidx.text.nrf52_errata_182), (8 bytes).
    Removing system_nrf52.o(.ARM.exidx.text.nrf52_handle_approtect), (8 bytes).
    Removing system_nrf52.o(.ARM.exidx.text.nrf52_configuration_249), (8 bytes).

24 unused section(s) (total 194 bytes) removed from the image.

==============================================================================

Image Symbol Table

    Local Symbols

    Symbol Name                              Value     Ov Type        Size  Object(Section)

    ../clib/angel/boardlib.s                 0x00000000   Number         0  boardinit1.o ABSOLUTE
    ../clib/angel/boardlib.s                 0x00000000   Number         0  boardinit2.o ABSOLUTE
    ../clib/angel/boardlib.s                 0x00000000   Number         0  boardinit3.o ABSOLUTE
    ../clib/angel/boardlib.s                 0x00000000   Number         0  boardshut.o ABSOLUTE
    ../clib/angel/dczerorl.s                 0x00000000   Number         0  __dczerorl.o ABSOLUTE
    ../clib/angel/handlers.s                 0x00000000   Number         0  __scatter_copy.o ABSOLUTE
    ../clib/angel/handlers.s                 0x00000000   Number         0  __scatter_zi.o ABSOLUTE
    ../clib/angel/kernel.s                   0x00000000   Number         0  __rtentry.o ABSOLUTE
    ../clib/angel/kernel.s                   0x00000000   Number         0  __rtentry2.o ABSOLUTE
    ../clib/angel/kernel.s                   0x00000000   Number         0  __rtentry4.o ABSOLUTE
    ../clib/angel/kernel.s                   0x00000000   Number         0  rtexit.o ABSOLUTE
    ../clib/angel/kernel.s                   0x00000000   Number         0  rtexit2.o ABSOLUTE
    ../clib/angel/rt.s                       0x00000000   Number         0  rt_raise.o ABSOLUTE
    ../clib/angel/scatter.s                  0x00000000   Number         0  __scatter.o ABSOLUTE
    ../clib/angel/startup.s                  0x00000000   Number         0  __main.o ABSOLUTE
    ../clib/angel/sys.s                      0x00000000   Number         0  sys_stackheap_outer.o ABSOLUTE
    ../clib/angel/sys.s                      0x00000000   Number         0  libspace.o ABSOLUTE
    ../clib/angel/sys.s                      0x00000000   Number         0  use_no_semi.o ABSOLUTE
    ../clib/angel/sys.s                      0x00000000   Number         0  indicate_semi.o ABSOLUTE
    ../clib/angel/sysapp.c                   0x00000000   Number         0  sys_exit.o ABSOLUTE
    ../clib/angel/sysapp.c                   0x00000000   Number         0  sys_exit_hlt.o ABSOLUTE
    ../clib/angel/sysapp.c                   0x00000000   Number         0  sys_command.o ABSOLUTE
    ../clib/angel/sysapp.c                   0x00000000   Number         0  sys_command_hlt.o ABSOLUTE
    ../clib/angel/sysapp.c                   0x00000000   Number         0  sys_wrch.o ABSOLUTE
    ../clib/angel/sysapp.c                   0x00000000   Number         0  sys_wrch_hlt.o ABSOLUTE
    ../clib/armsys.c                         0x00000000   Number         0  argv_veneer.o ABSOLUTE
    ../clib/armsys.c                         0x00000000   Number         0  argv_veneer.o ABSOLUTE
    ../clib/armsys.c                         0x00000000   Number         0  _get_argv_nomalloc.o ABSOLUTE
    ../clib/armsys.c                         0x00000000   Number         0  no_argv.o ABSOLUTE
    ../clib/heapalloc.c                      0x00000000   Number         0  hrguard.o ABSOLUTE
    ../clib/heapaux.c                        0x00000000   Number         0  heapauxi.o ABSOLUTE
    ../clib/libinit.s                        0x00000000   Number         0  libinit.o ABSOLUTE
    ../clib/libinit.s                        0x00000000   Number         0  libinit2.o ABSOLUTE
    ../clib/libinit.s                        0x00000000   Number         0  libshutdown.o ABSOLUTE
    ../clib/libinit.s                        0x00000000   Number         0  libshutdown2.o ABSOLUTE
    ../clib/signal.c                         0x00000000   Number         0  defsig_rtmem_outer.o ABSOLUTE
    ../clib/signal.c                         0x00000000   Number         0  defsig_rtmem_formal.o ABSOLUTE
    ../clib/signal.c                         0x00000000   Number         0  defsig_exit.o ABSOLUTE
    ../clib/signal.c                         0x00000000   Number         0  defsig_rtmem_inner.o ABSOLUTE
    ../clib/signal.c                         0x00000000   Number         0  __raise.o ABSOLUTE
    ../clib/signal.c                         0x00000000   Number         0  defsig_general.o ABSOLUTE
    ../clib/signal.c                         0x00000000   Number         0  defsig_abrt_inner.o ABSOLUTE
    ../clib/signal.c                         0x00000000   Number         0  defsig_fpe_inner.o ABSOLUTE
    ../clib/signal.c                         0x00000000   Number         0  defsig_rtred_inner.o ABSOLUTE
    ../clib/signal.c                         0x00000000   Number         0  defsig_stak_inner.o ABSOLUTE
    ../clib/signal.c                         0x00000000   Number         0  defsig_pvfn_inner.o ABSOLUTE
    ../clib/signal.c                         0x00000000   Number         0  defsig_cppl_inner.o ABSOLUTE
    ../clib/signal.c                         0x00000000   Number         0  defsig_segv_inner.o ABSOLUTE
    ../clib/signal.c                         0x00000000   Number         0  defsig_other.o ABSOLUTE
    ../clib/signal.s                         0x00000000   Number         0  defsig.o ABSOLUTE
    ../clib/stdlib.c                         0x00000000   Number         0  exit.o ABSOLUTE
    ../fplib/fpinit.s                        0x00000000   Number         0  fpinit.o ABSOLUTE
    RTE/Device/nRF52832_xxAA/arm_startup_nrf52.s 0x00000000   Number         0  arm_startup_nrf52.o ABSOLUTE
    dc.s                                     0x00000000   Number         0  dc.o ABSOLUTE
    kernel.s                                 0x00000000   Number         0  kernel.o ABSOLUTE
    main.c                                   0x00000000   Number         0  main.o ABSOLUTE
    system_nrf52.c                           0x00000000   Number         0  system_nrf52.o ABSOLUTE
    RESET                                    0x00000000   Section      512  arm_startup_nrf52.o(RESET)
    !!!main                                  0x00000200   Section        8  __main.o(!!!main)
    !!!scatter                               0x00000208   Section       92  __scatter.o(!!!scatter)
    !!dczerorl                               0x00000264   Section       58  __dczerorl.o(!!dczerorl)
    !!handler_copy                           0x000002a0   Section       26  __scatter_copy.o(!!handler_copy)
    !!handler_null                           0x000002bc   Section        2  __scatter.o(!!handler_null)
    !!handler_zi                             0x000002c0   Section       28  __scatter_zi.o(!!handler_zi)
    .ARM.Collect$$libinit$$00000000          0x000002dc   Section        2  libinit.o(.ARM.Collect$$libinit$$00000000)
    .ARM.Collect$$libinit$$00000001          0x000002de   Section        4  libinit2.o(.ARM.Collect$$libinit$$00000001)
    .ARM.Collect$$libinit$$00000004          0x000002e2   Section        0  libinit2.o(.ARM.Collect$$libinit$$00000004)
    .ARM.Collect$$libinit$$00000006          0x000002e2   Section        0  libinit2.o(.ARM.Collect$$libinit$$00000006)
    .ARM.Collect$$libinit$$0000000C          0x000002e2   Section        0  libinit2.o(.ARM.Collect$$libinit$$0000000C)
    .ARM.Collect$$libinit$$0000000E          0x000002e2   Section        0  libinit2.o(.ARM.Collect$$libinit$$0000000E)
    .ARM.Collect$$libinit$$00000010          0x000002e2   Section        0  libinit2.o(.ARM.Collect$$libinit$$00000010)
    .ARM.Collect$$libinit$$00000013          0x000002e2   Section        0  libinit2.o(.ARM.Collect$$libinit$$00000013)
    .ARM.Collect$$libinit$$00000015          0x000002e2   Section        0  libinit2.o(.ARM.Collect$$libinit$$00000015)
    .ARM.Collect$$libinit$$00000017          0x000002e2   Section        0  libinit2.o(.ARM.Collect$$libinit$$00000017)
    .ARM.Collect$$libinit$$00000019          0x000002e2   Section        0  libinit2.o(.ARM.Collect$$libinit$$00000019)
    .ARM.Collect$$libinit$$0000001B          0x000002e2   Section        0  libinit2.o(.ARM.Collect$$libinit$$0000001B)
    .ARM.Collect$$libinit$$0000001D          0x000002e2   Section        0  libinit2.o(.ARM.Collect$$libinit$$0000001D)
    .ARM.Collect$$libinit$$0000001F          0x000002e2   Section        0  libinit2.o(.ARM.Collect$$libinit$$0000001F)
    .ARM.Collect$$libinit$$00000021          0x000002e2   Section        0  libinit2.o(.ARM.Collect$$libinit$$00000021)
    .ARM.Collect$$libinit$$00000023          0x000002e2   Section        0  libinit2.o(.ARM.Collect$$libinit$$00000023)
    .ARM.Collect$$libinit$$00000025          0x000002e2   Section        0  libinit2.o(.ARM.Collect$$libinit$$00000025)
    .ARM.Collect$$libinit$$00000027          0x000002e2   Section        0  libinit2.o(.ARM.Collect$$libinit$$00000027)
    .ARM.Collect$$libinit$$0000002E          0x000002e2   Section        0  libinit2.o(.ARM.Collect$$libinit$$0000002E)
    .ARM.Collect$$libinit$$00000030          0x000002e2   Section        0  libinit2.o(.ARM.Collect$$libinit$$00000030)
    .ARM.Collect$$libinit$$00000032          0x000002e2   Section        0  libinit2.o(.ARM.Collect$$libinit$$00000032)
    .ARM.Collect$$libinit$$00000034          0x000002e2   Section        0  libinit2.o(.ARM.Collect$$libinit$$00000034)
    .ARM.Collect$$libinit$$00000035          0x000002e2   Section        2  libinit2.o(.ARM.Collect$$libinit$$00000035)
    .ARM.Collect$$libshutdown$$00000000      0x000002e4   Section        2  libshutdown.o(.ARM.Collect$$libshutdown$$00000000)
    .ARM.Collect$$libshutdown$$00000002      0x000002e6   Section        0  libshutdown2.o(.ARM.Collect$$libshutdown$$00000002)
    .ARM.Collect$$libshutdown$$00000004      0x000002e6   Section        0  libshutdown2.o(.ARM.Collect$$libshutdown$$00000004)
    .ARM.Collect$$libshutdown$$00000007      0x000002e6   Section        0  libshutdown2.o(.ARM.Collect$$libshutdown$$00000007)
    .ARM.Collect$$libshutdown$$0000000A      0x000002e6   Section        0  libshutdown2.o(.ARM.Collect$$libshutdown$$0000000A)
    .ARM.Collect$$libshutdown$$0000000C      0x000002e6   Section        0  libshutdown2.o(.ARM.Collect$$libshutdown$$0000000C)
    .ARM.Collect$$libshutdown$$0000000F      0x000002e6   Section        0  libshutdown2.o(.ARM.Collect$$libshutdown$$0000000F)
    .ARM.Collect$$libshutdown$$00000010      0x000002e6   Section        2  libshutdown2.o(.ARM.Collect$$libshutdown$$00000010)
    .ARM.Collect$$rtentry$$00000000          0x000002e8   Section        0  __rtentry.o(.ARM.Collect$$rtentry$$00000000)
    .ARM.Collect$$rtentry$$00000002          0x000002e8   Section        0  __rtentry2.o(.ARM.Collect$$rtentry$$00000002)
    .ARM.Collect$$rtentry$$00000004          0x000002e8   Section        6  __rtentry4.o(.ARM.Collect$$rtentry$$00000004)
    .ARM.Collect$$rtentry$$00000009          0x000002ee   Section        0  __rtentry2.o(.ARM.Collect$$rtentry$$00000009)
    .ARM.Collect$$rtentry$$0000000A          0x000002ee   Section        4  __rtentry2.o(.ARM.Collect$$rtentry$$0000000A)
    .ARM.Collect$$rtentry$$0000000C          0x000002f2   Section        0  __rtentry2.o(.ARM.Collect$$rtentry$$0000000C)
    .ARM.Collect$$rtentry$$0000000D          0x000002f2   Section        8  __rtentry2.o(.ARM.Collect$$rtentry$$0000000D)
    .ARM.Collect$$rtexit$$00000000           0x000002fa   Section        2  rtexit.o(.ARM.Collect$$rtexit$$00000000)
    .ARM.Collect$$rtexit$$00000002           0x000002fc   Section        0  rtexit2.o(.ARM.Collect$$rtexit$$00000002)
    .ARM.Collect$$rtexit$$00000003           0x000002fc   Section        4  rtexit2.o(.ARM.Collect$$rtexit$$00000003)
    .ARM.Collect$$rtexit$$00000004           0x00000300   Section        6  rtexit2.o(.ARM.Collect$$rtexit$$00000004)
    $v0                                      0x00000308   Number         0  kernel.o(.text)
    .text                                    0x00000308   Section      804  kernel.o(.text)
    $v0                                      0x0000062c   Number         0  arm_startup_nrf52.o(.text)
    .text                                    0x0000062c   Section       64  arm_startup_nrf52.o(.text)
    .text                                    0x0000066c   Section        0  heapauxi.o(.text)
    .text                                    0x00000672   Section       74  sys_stackheap_outer.o(.text)
    .text                                    0x000006bc   Section        0  exit.o(.text)
    .text                                    0x000006d0   Section        8  libspace.o(.text)
    .text                                    0x000006d8   Section        0  sys_exit.o(.text)
    .text                                    0x000006e4   Section        2  use_no_semi.o(.text)
    .text                                    0x000006e6   Section        0  indicate_semi.o(.text)
    [Anonymous Symbol]                       0x000006e8   Section        0  system_nrf52.o(.text.SystemCoreClockUpdate)
    [Anonymous Symbol]                       0x000006fc   Section        0  system_nrf52.o(.text.SystemInit)
    [Anonymous Symbol]                       0x000009dc   Section        0  main.o(.text.main)
    nrf52_configuration_249                  0x000009f1   Thumb Code   122  system_nrf52.o(.text.nrf52_configuration_249)
    [Anonymous Symbol]                       0x000009f0   Section        0  system_nrf52.o(.text.nrf52_configuration_249)
    nrf52_errata_108                         0x00000a6d   Thumb Code   168  system_nrf52.o(.text.nrf52_errata_108)
    [Anonymous Symbol]                       0x00000a6c   Section        0  system_nrf52.o(.text.nrf52_errata_108)
    nrf52_errata_12                          0x00000b15   Thumb Code   168  system_nrf52.o(.text.nrf52_errata_12)
    [Anonymous Symbol]                       0x00000b14   Section        0  system_nrf52.o(.text.nrf52_errata_12)
    nrf52_errata_136                         0x00000bbd   Thumb Code   168  system_nrf52.o(.text.nrf52_errata_136)
    [Anonymous Symbol]                       0x00000bbc   Section        0  system_nrf52.o(.text.nrf52_errata_136)
    nrf52_errata_16                          0x00000c65   Thumb Code   124  system_nrf52.o(.text.nrf52_errata_16)
    [Anonymous Symbol]                       0x00000c64   Section        0  system_nrf52.o(.text.nrf52_errata_16)
    nrf52_errata_182                         0x00000ce1   Thumb Code   122  system_nrf52.o(.text.nrf52_errata_182)
    [Anonymous Symbol]                       0x00000ce0   Section        0  system_nrf52.o(.text.nrf52_errata_182)
    nrf52_errata_31                          0x00000d5d   Thumb Code   168  system_nrf52.o(.text.nrf52_errata_31)
    [Anonymous Symbol]                       0x00000d5c   Section        0  system_nrf52.o(.text.nrf52_errata_31)
    nrf52_errata_32                          0x00000e05   Thumb Code   124  system_nrf52.o(.text.nrf52_errata_32)
    [Anonymous Symbol]                       0x00000e04   Section        0  system_nrf52.o(.text.nrf52_errata_32)
    nrf52_errata_36                          0x00000e81   Thumb Code   168  system_nrf52.o(.text.nrf52_errata_36)
    [Anonymous Symbol]                       0x00000e80   Section        0  system_nrf52.o(.text.nrf52_errata_36)
    nrf52_errata_37                          0x00000f29   Thumb Code   124  system_nrf52.o(.text.nrf52_errata_37)
    [Anonymous Symbol]                       0x00000f28   Section        0  system_nrf52.o(.text.nrf52_errata_37)
    nrf52_errata_57                          0x00000fa5   Thumb Code   124  system_nrf52.o(.text.nrf52_errata_57)
    [Anonymous Symbol]                       0x00000fa4   Section        0  system_nrf52.o(.text.nrf52_errata_57)
    nrf52_errata_66                          0x00001021   Thumb Code   168  system_nrf52.o(.text.nrf52_errata_66)
    [Anonymous Symbol]                       0x00001020   Section        0  system_nrf52.o(.text.nrf52_errata_66)
    nrf52_handle_approtect                   0x000010c9   Thumb Code    34  system_nrf52.o(.text.nrf52_handle_approtect)
    [Anonymous Symbol]                       0x000010c8   Section        0  system_nrf52.o(.text.nrf52_handle_approtect)
    $v0                                      0x000010ea   Number         0  fpinit.o(x$fpl$fpinit)
    x$fpl$fpinit                             0x000010ea   Section       26  fpinit.o(x$fpl$fpinit)
    __tagsym$$used.0                         0x00800000   Number         0  system_nrf52.o(.data.SystemCoreClock)
    .bss                                     0x00800008   Section       96  libspace.o(.bss)
    Heap_Mem                                 0x00800068   Data        4096  arm_startup_nrf52.o(HEAP)
    HEAP                                     0x00800068   Section     4096  arm_startup_nrf52.o(HEAP)
    .data                                    0x20000000   Section     2780  kernel.o(.data)
    Stack_Mem                                0x20000ae0   Data        4096  arm_startup_nrf52.o(STACK)
    STACK                                    0x20000ae0   Section     4096  arm_startup_nrf52.o(STACK)
    __initial_sp                             0x20001ae0   Data           0  arm_startup_nrf52.o(STACK)

    Global Symbols

    Symbol Name                              Value     Ov Type        Size  Object(Section)

    BuildAttributes$$THM_ISAv4$E$P$D$K$B$S$7EM$VFPi3$EXTD16$VFPS$VFMA$PE$A:L22UL41UL21$X:L11$S22US41US21$IEEE1$IW$~IW$USESV6$~STKCKD$USESV7$~SHL$OSPACE$ROPI$EBA8$UX$STANDARDLIB$REQ8$PRES8$EABIv2 0x00000000   Number         0  anon$$obj.o ABSOLUTE
    __Vectors                                0x00000000   Data           4  arm_startup_nrf52.o(RESET)
    __ARM_exceptions_init                     - Undefined Weak Reference
    __alloca_initialize                       - Undefined Weak Reference
    __arm_preinit_                            - Undefined Weak Reference
    __arm_relocate_pie_                       - Undefined Weak Reference
    __cpp_initialize__aeabi_                  - Undefined Weak Reference
    __cxa_finalize                            - Undefined Weak Reference
    __rt_locale                               - Undefined Weak Reference
    __sigvec_lookup                           - Undefined Weak Reference
    _atexit_init                              - Undefined Weak Reference
    _call_atexit_fns                          - Undefined Weak Reference
    _clock_init                               - Undefined Weak Reference
    _fp_trap_init                             - Undefined Weak Reference
    _fp_trap_shutdown                         - Undefined Weak Reference
    _get_lc_collate                           - Undefined Weak Reference
    _get_lc_ctype                             - Undefined Weak Reference
    _get_lc_monetary                          - Undefined Weak Reference
    _get_lc_numeric                           - Undefined Weak Reference
    _get_lc_time                              - Undefined Weak Reference
    _getenv_init                              - Undefined Weak Reference
    _handle_redirection                       - Undefined Weak Reference
    _init_alloc                               - Undefined Weak Reference
    _init_user_alloc                          - Undefined Weak Reference
    _initio                                   - Undefined Weak Reference
    _rand_init                                - Undefined Weak Reference
    _signal_finish                            - Undefined Weak Reference
    _signal_init                              - Undefined Weak Reference
    _terminate_alloc                          - Undefined Weak Reference
    _terminate_user_alloc                     - Undefined Weak Reference
    _terminateio                              - Undefined Weak Reference
    __Vectors_End                            0x00000200   Data           0  arm_startup_nrf52.o(RESET)
    __Vectors_Size                           0x00000200   Number         0  arm_startup_nrf52.o ABSOLUTE
    __main                                   0x00000201   Thumb Code     8  __main.o(!!!main)
    __scatterload                            0x00000209   Thumb Code     0  __scatter.o(!!!scatter)
    __scatterload_rt2                        0x00000209   Thumb Code    84  __scatter.o(!!!scatter)
    __scatterload_rt2_thumb_only             0x00000209   Thumb Code     0  __scatter.o(!!!scatter)
    __scatterload_loop                       0x00000213   Thumb Code     0  __scatter.o(!!!scatter)
    __decompress                             0x00000265   Thumb Code    58  __dczerorl.o(!!dczerorl)
    __decompress0                            0x00000265   Thumb Code     0  __dczerorl.o(!!dczerorl)
    __scatterload_copy                       0x000002a1   Thumb Code    26  __scatter_copy.o(!!handler_copy)
    __scatterload_null                       0x000002bd   Thumb Code     2  __scatter.o(!!handler_null)
    __scatterload_zeroinit                   0x000002c1   Thumb Code    28  __scatter_zi.o(!!handler_zi)
    __rt_lib_init                            0x000002dd   Thumb Code     0  libinit.o(.ARM.Collect$$libinit$$00000000)
    __rt_lib_init_fp_1                       0x000002df   Thumb Code     0  libinit2.o(.ARM.Collect$$libinit$$00000001)
    __rt_lib_init_alloca_1                   0x000002e3   Thumb Code     0  libinit2.o(.ARM.Collect$$libinit$$00000030)
    __rt_lib_init_argv_1                     0x000002e3   Thumb Code     0  libinit2.o(.ARM.Collect$$libinit$$0000002E)
    __rt_lib_init_atexit_1                   0x000002e3   Thumb Code     0  libinit2.o(.ARM.Collect$$libinit$$0000001D)
    __rt_lib_init_clock_1                    0x000002e3   Thumb Code     0  libinit2.o(.ARM.Collect$$libinit$$00000023)
    __rt_lib_init_cpp_1                      0x000002e3   Thumb Code     0  libinit2.o(.ARM.Collect$$libinit$$00000034)
    __rt_lib_init_exceptions_1               0x000002e3   Thumb Code     0  libinit2.o(.ARM.Collect$$libinit$$00000032)
    __rt_lib_init_fp_trap_1                  0x000002e3   Thumb Code     0  libinit2.o(.ARM.Collect$$libinit$$00000021)
    __rt_lib_init_getenv_1                   0x000002e3   Thumb Code     0  libinit2.o(.ARM.Collect$$libinit$$00000025)
    __rt_lib_init_heap_1                     0x000002e3   Thumb Code     0  libinit2.o(.ARM.Collect$$libinit$$0000000C)
    __rt_lib_init_lc_collate_1               0x000002e3   Thumb Code     0  libinit2.o(.ARM.Collect$$libinit$$00000013)
    __rt_lib_init_lc_ctype_1                 0x000002e3   Thumb Code     0  libinit2.o(.ARM.Collect$$libinit$$00000015)
    __rt_lib_init_lc_monetary_1              0x000002e3   Thumb Code     0  libinit2.o(.ARM.Collect$$libinit$$00000017)
    __rt_lib_init_lc_numeric_1               0x000002e3   Thumb Code     0  libinit2.o(.ARM.Collect$$libinit$$00000019)
    __rt_lib_init_lc_time_1                  0x000002e3   Thumb Code     0  libinit2.o(.ARM.Collect$$libinit$$0000001B)
    __rt_lib_init_preinit_1                  0x000002e3   Thumb Code     0  libinit2.o(.ARM.Collect$$libinit$$00000006)
    __rt_lib_init_rand_1                     0x000002e3   Thumb Code     0  libinit2.o(.ARM.Collect$$libinit$$00000010)
    __rt_lib_init_relocate_pie_1             0x000002e3   Thumb Code     0  libinit2.o(.ARM.Collect$$libinit$$00000004)
    __rt_lib_init_return                     0x000002e3   Thumb Code     0  libinit2.o(.ARM.Collect$$libinit$$00000035)
    __rt_lib_init_signal_1                   0x000002e3   Thumb Code     0  libinit2.o(.ARM.Collect$$libinit$$0000001F)
    __rt_lib_init_stdio_1                    0x000002e3   Thumb Code     0  libinit2.o(.ARM.Collect$$libinit$$00000027)
    __rt_lib_init_user_alloc_1               0x000002e3   Thumb Code     0  libinit2.o(.ARM.Collect$$libinit$$0000000E)
    __rt_lib_shutdown                        0x000002e5   Thumb Code     0  libshutdown.o(.ARM.Collect$$libshutdown$$00000000)
    __rt_lib_shutdown_cpp_1                  0x000002e7   Thumb Code     0  libshutdown2.o(.ARM.Collect$$libshutdown$$00000002)
    __rt_lib_shutdown_fp_trap_1              0x000002e7   Thumb Code     0  libshutdown2.o(.ARM.Collect$$libshutdown$$00000007)
    __rt_lib_shutdown_heap_1                 0x000002e7   Thumb Code     0  libshutdown2.o(.ARM.Collect$$libshutdown$$0000000F)
    __rt_lib_shutdown_return                 0x000002e7   Thumb Code     0  libshutdown2.o(.ARM.Collect$$libshutdown$$00000010)
    __rt_lib_shutdown_signal_1               0x000002e7   Thumb Code     0  libshutdown2.o(.ARM.Collect$$libshutdown$$0000000A)
    __rt_lib_shutdown_stdio_1                0x000002e7   Thumb Code     0  libshutdown2.o(.ARM.Collect$$libshutdown$$00000004)
    __rt_lib_shutdown_user_alloc_1           0x000002e7   Thumb Code     0  libshutdown2.o(.ARM.Collect$$libshutdown$$0000000C)
    __rt_entry                               0x000002e9   Thumb Code     0  __rtentry.o(.ARM.Collect$$rtentry$$00000000)
    __rt_entry_presh_1                       0x000002e9   Thumb Code     0  __rtentry2.o(.ARM.Collect$$rtentry$$00000002)
    __rt_entry_sh                            0x000002e9   Thumb Code     0  __rtentry4.o(.ARM.Collect$$rtentry$$00000004)
    __rt_entry_li                            0x000002ef   Thumb Code     0  __rtentry2.o(.ARM.Collect$$rtentry$$0000000A)
    __rt_entry_postsh_1                      0x000002ef   Thumb Code     0  __rtentry2.o(.ARM.Collect$$rtentry$$00000009)
    __rt_entry_main                          0x000002f3   Thumb Code     0  __rtentry2.o(.ARM.Collect$$rtentry$$0000000D)
    __rt_entry_postli_1                      0x000002f3   Thumb Code     0  __rtentry2.o(.ARM.Collect$$rtentry$$0000000C)
    __rt_exit                                0x000002fb   Thumb Code     0  rtexit.o(.ARM.Collect$$rtexit$$00000000)
    __rt_exit_ls                             0x000002fd   Thumb Code     0  rtexit2.o(.ARM.Collect$$rtexit$$00000003)
    __rt_exit_prels_1                        0x000002fd   Thumb Code     0  rtexit2.o(.ARM.Collect$$rtexit$$00000002)
    __rt_exit_exit                           0x00000301   Thumb Code     0  rtexit2.o(.ARM.Collect$$rtexit$$00000004)
    Kernel_Idle_Task                         0x00000309   Thumb Code     0  kernel.o(.text)
    Kernel_Init                              0x0000030b   Thumb Code     0  kernel.o(.text)
    Kernel_Task_Create                       0x00000379   Thumb Code     0  kernel.o(.text)
    Kernel_Start_Tasks                       0x000003e5   Thumb Code     0  kernel.o(.text)
    SysTick_Handler                          0x0000041b   Thumb Code     0  kernel.o(.text)
    PendSV_Handler                           0x00000425   Thumb Code     0  kernel.o(.text)
    Kernel_Task_Sleep                        0x0000057f   Thumb Code     0  kernel.o(.text)
    Kernel_Tick_SS32_Get                     0x000005b3   Thumb Code     0  kernel.o(.text)
    Kernel_Tick_SS64_Get                     0x000005b9   Thumb Code     0  kernel.o(.text)
    Kernel_Tick_S_Get                        0x000005c1   Thumb Code     0  kernel.o(.text)
    Kernel_CPU_Usage_Get                     0x000005c7   Thumb Code     0  kernel.o(.text)
    Reset_Handler                            0x0000062d   Thumb Code     8  arm_startup_nrf52.o(.text)
    NMI_Handler                              0x00000635   Thumb Code     2  arm_startup_nrf52.o(.text)
    HardFault_Handler                        0x00000637   Thumb Code     2  arm_startup_nrf52.o(.text)
    MemoryManagement_Handler                 0x00000639   Thumb Code     2  arm_startup_nrf52.o(.text)
    BusFault_Handler                         0x0000063b   Thumb Code     2  arm_startup_nrf52.o(.text)
    UsageFault_Handler                       0x0000063d   Thumb Code     2  arm_startup_nrf52.o(.text)
    SVC_Handler                              0x0000063f   Thumb Code     2  arm_startup_nrf52.o(.text)
    DebugMon_Handler                         0x00000641   Thumb Code     2  arm_startup_nrf52.o(.text)
    CCM_AAR_IRQHandler                       0x00000647   Thumb Code     0  arm_startup_nrf52.o(.text)
    COMP_LPCOMP_IRQHandler                   0x00000647   Thumb Code     0  arm_startup_nrf52.o(.text)
    ECB_IRQHandler                           0x00000647   Thumb Code     0  arm_startup_nrf52.o(.text)
    FPU_IRQHandler                           0x00000647   Thumb Code     0  arm_startup_nrf52.o(.text)
    GPIOTE_IRQHandler                        0x00000647   Thumb Code     0  arm_startup_nrf52.o(.text)
    I2S_IRQHandler                           0x00000647   Thumb Code     0  arm_startup_nrf52.o(.text)
    MWU_IRQHandler                           0x00000647   Thumb Code     0  arm_startup_nrf52.o(.text)
    NFCT_IRQHandler                          0x00000647   Thumb Code     0  arm_startup_nrf52.o(.text)
    PDM_IRQHandler                           0x00000647   Thumb Code     0  arm_startup_nrf52.o(.text)
    POWER_CLOCK_IRQHandler                   0x00000647   Thumb Code     0  arm_startup_nrf52.o(.text)
    PWM0_IRQHandler                          0x00000647   Thumb Code     0  arm_startup_nrf52.o(.text)
    PWM1_IRQHandler                          0x00000647   Thumb Code     0  arm_startup_nrf52.o(.text)
    PWM2_IRQHandler                          0x00000647   Thumb Code     0  arm_startup_nrf52.o(.text)
    QDEC_IRQHandler                          0x00000647   Thumb Code     0  arm_startup_nrf52.o(.text)
    RADIO_IRQHandler                         0x00000647   Thumb Code     0  arm_startup_nrf52.o(.text)
    RNG_IRQHandler                           0x00000647   Thumb Code     0  arm_startup_nrf52.o(.text)
    RTC0_IRQHandler                          0x00000647   Thumb Code     0  arm_startup_nrf52.o(.text)
    RTC1_IRQHandler                          0x00000647   Thumb Code     0  arm_startup_nrf52.o(.text)
    RTC2_IRQHandler                          0x00000647   Thumb Code     0  arm_startup_nrf52.o(.text)
    SAADC_IRQHandler                         0x00000647   Thumb Code     0  arm_startup_nrf52.o(.text)
    SPIM0_SPIS0_TWIM0_TWIS0_SPI0_TWI0_IRQHandler 0x00000647   Thumb Code     0  arm_startup_nrf52.o(.text)
    SPIM1_SPIS1_TWIM1_TWIS1_SPI1_TWI1_IRQHandler 0x00000647   Thumb Code     0  arm_startup_nrf52.o(.text)
    SPIM2_SPIS2_SPI2_IRQHandler              0x00000647   Thumb Code     0  arm_startup_nrf52.o(.text)
    SWI0_EGU0_IRQHandler                     0x00000647   Thumb Code     0  arm_startup_nrf52.o(.text)
    SWI1_EGU1_IRQHandler                     0x00000647   Thumb Code     0  arm_startup_nrf52.o(.text)
    SWI2_EGU2_IRQHandler                     0x00000647   Thumb Code     0  arm_startup_nrf52.o(.text)
    SWI3_EGU3_IRQHandler                     0x00000647   Thumb Code     0  arm_startup_nrf52.o(.text)
    SWI4_EGU4_IRQHandler                     0x00000647   Thumb Code     0  arm_startup_nrf52.o(.text)
    SWI5_EGU5_IRQHandler                     0x00000647   Thumb Code     0  arm_startup_nrf52.o(.text)
    TEMP_IRQHandler                          0x00000647   Thumb Code     0  arm_startup_nrf52.o(.text)
    TIMER0_IRQHandler                        0x00000647   Thumb Code     0  arm_startup_nrf52.o(.text)
    TIMER1_IRQHandler                        0x00000647   Thumb Code     0  arm_startup_nrf52.o(.text)
    TIMER2_IRQHandler                        0x00000647   Thumb Code     0  arm_startup_nrf52.o(.text)
    TIMER3_IRQHandler                        0x00000647   Thumb Code     0  arm_startup_nrf52.o(.text)
    TIMER4_IRQHandler                        0x00000647   Thumb Code     0  arm_startup_nrf52.o(.text)
    UARTE0_UART0_IRQHandler                  0x00000647   Thumb Code     0  arm_startup_nrf52.o(.text)
    WDT_IRQHandler                           0x00000647   Thumb Code     0  arm_startup_nrf52.o(.text)
    __user_initial_stackheap                 0x00000649   Thumb Code    10  arm_startup_nrf52.o(.text)
    __use_two_region_memory                  0x0000066d   Thumb Code     2  heapauxi.o(.text)
    __rt_heap_escrow$2region                 0x0000066f   Thumb Code     2  heapauxi.o(.text)
    __rt_heap_expand$2region                 0x00000671   Thumb Code     2  heapauxi.o(.text)
    __user_setup_stackheap                   0x00000673   Thumb Code    74  sys_stackheap_outer.o(.text)
    exit                                     0x000006bd   Thumb Code    18  exit.o(.text)
    __user_libspace                          0x000006d1   Thumb Code     8  libspace.o(.text)
    __user_perproc_libspace                  0x000006d1   Thumb Code     0  libspace.o(.text)
    __user_perthread_libspace                0x000006d1   Thumb Code     0  libspace.o(.text)
    _sys_exit                                0x000006d9   Thumb Code     8  sys_exit.o(.text)
    __I$use$semihosting                      0x000006e5   Thumb Code     0  use_no_semi.o(.text)
    __use_no_semihosting_swi                 0x000006e5   Thumb Code     2  use_no_semi.o(.text)
    __semihosting_library_function           0x000006e7   Thumb Code     0  indicate_semi.o(.text)
    SystemCoreClockUpdate                    0x000006e9   Thumb Code    20  system_nrf52.o(.text.SystemCoreClockUpdate)
    SystemInit                               0x000006fd   Thumb Code   736  system_nrf52.o(.text.SystemInit)
    main                                     0x000009dd   Thumb Code    20  main.o(.text.main)
    _fp_init                                 0x000010eb   Thumb Code    26  fpinit.o(x$fpl$fpinit)
    __fplib_config_fpu_vfp                   0x00001103   Thumb Code     0  fpinit.o(x$fpl$fpinit)
    __fplib_config_pureend_doubles           0x00001103   Thumb Code     0  fpinit.o(x$fpl$fpinit)
    Region$$Table$$Base                      0x00001104   Number         0  anon$$obj.o(Region$$Table)
    Region$$Table$$Limit                     0x00001144   Number         0  anon$$obj.o(Region$$Table)
    SystemCoreClock                          0x00800000   Data           4  system_nrf52.o(.data.SystemCoreClock)
    __libspace_start                         0x00800008   Data          96  libspace.o(.bss)
    __temporary_stack_top$libspace           0x00800068   Data           0  libspace.o(.bss)
    KER_TICK_SS                              0x20000000   Data           8  kernel.o(.data)
    KER_TICK_S                               0x20000008   Data           4  kernel.o(.data)
    KER_TICK_S_CNT                           0x2000000c   Data           4  kernel.o(.data)
    KER_CMP_TICK_CNT                         0x20000010   Data           4  kernel.o(.data)
    KER_ACTV_TICK_CNT                        0x20000014   Data           4  kernel.o(.data)
    KER_CPU_USAGE                            0x20000018   Data           4  kernel.o(.data)
    KER_CPU_USAGE_AVG                        0x2000001c   Data           4  kernel.o(.data)
    KER_NTASK                                0x20000020   Data           4  kernel.o(.data)
    KER_TASK_STACK                           0x20000024   Data        2568  kernel.o(.data)
    KER_TASK_ID                              0x20000a2c   Data           4  kernel.o(.data)
    KER_TASK_PSP                             0x20000a30   Data          40  kernel.o(.data)
    KER_TASK_PRIO                            0x20000a58   Data          40  kernel.o(.data)
    KER_TASK_HI_PRIO                         0x20000a80   Data           4  kernel.o(.data)
    KER_TASK_PRIO_TID                        0x20000a84   Data           4  kernel.o(.data)
    KER_TASK_SLEEP                           0x20000a88   Data          40  kernel.o(.data)
    KER_TASK_YIELD                           0x20000ab0   Data           4  kernel.o(.data)
    KER_TASK_STS                             0x20000ab4   Data          40  kernel.o(.data)



==============================================================================

Memory Map of the image

  Image Entry point : 0x00000201

  Load Region LR_IROM1 (Base: 0x00000000, Size: 0x00001c30, Max: 0x00080000, ABSOLUTE, COMPRESSED[0x00001168])

    Execution Region ER_IROM1 (Exec base: 0x00000000, Load base: 0x00000000, Size: 0x00001144, Max: 0x00080000, ABSOLUTE)

    Exec Addr    Load Addr    Size         Type   Attr      Idx    E Section Name        Object

    0x00000000   0x00000000   0x00000200   Data   RO           19    RESET               arm_startup_nrf52.o
    0x00000200   0x00000200   0x00000008   Code   RO           70  * !!!main             c_w.l(__main.o)
    0x00000208   0x00000208   0x0000005c   Code   RO          237    !!!scatter          c_w.l(__scatter.o)
    0x00000264   0x00000264   0x0000003a   Code   RO          235    !!dczerorl          c_w.l(__dczerorl.o)
    0x0000029e   0x0000029e   0x00000002   PAD
    0x000002a0   0x000002a0   0x0000001a   Code   RO          241    !!handler_copy      c_w.l(__scatter_copy.o)
    0x000002ba   0x000002ba   0x00000002   PAD
    0x000002bc   0x000002bc   0x00000002   Code   RO          238    !!handler_null      c_w.l(__scatter.o)
    0x000002be   0x000002be   0x00000002   PAD
    0x000002c0   0x000002c0   0x0000001c   Code   RO          243    !!handler_zi        c_w.l(__scatter_zi.o)
    0x000002dc   0x000002dc   0x00000002   Code   RO           97    .ARM.Collect$$libinit$$00000000  c_w.l(libinit.o)
    0x000002de   0x000002de   0x00000004   Code   RO          103    .ARM.Collect$$libinit$$00000001  c_w.l(libinit2.o)
    0x000002e2   0x000002e2   0x00000000   Code   RO          106    .ARM.Collect$$libinit$$00000004  c_w.l(libinit2.o)
    0x000002e2   0x000002e2   0x00000000   Code   RO          108    .ARM.Collect$$libinit$$00000006  c_w.l(libinit2.o)
    0x000002e2   0x000002e2   0x00000000   Code   RO          111    .ARM.Collect$$libinit$$0000000C  c_w.l(libinit2.o)
    0x000002e2   0x000002e2   0x00000000   Code   RO          113    .ARM.Collect$$libinit$$0000000E  c_w.l(libinit2.o)
    0x000002e2   0x000002e2   0x00000000   Code   RO          115    .ARM.Collect$$libinit$$00000010  c_w.l(libinit2.o)
    0x000002e2   0x000002e2   0x00000000   Code   RO          118    .ARM.Collect$$libinit$$00000013  c_w.l(libinit2.o)
    0x000002e2   0x000002e2   0x00000000   Code   RO          120    .ARM.Collect$$libinit$$00000015  c_w.l(libinit2.o)
    0x000002e2   0x000002e2   0x00000000   Code   RO          122    .ARM.Collect$$libinit$$00000017  c_w.l(libinit2.o)
    0x000002e2   0x000002e2   0x00000000   Code   RO          124    .ARM.Collect$$libinit$$00000019  c_w.l(libinit2.o)
    0x000002e2   0x000002e2   0x00000000   Code   RO          126    .ARM.Collect$$libinit$$0000001B  c_w.l(libinit2.o)
    0x000002e2   0x000002e2   0x00000000   Code   RO          128    .ARM.Collect$$libinit$$0000001D  c_w.l(libinit2.o)
    0x000002e2   0x000002e2   0x00000000   Code   RO          130    .ARM.Collect$$libinit$$0000001F  c_w.l(libinit2.o)
    0x000002e2   0x000002e2   0x00000000   Code   RO          132    .ARM.Collect$$libinit$$00000021  c_w.l(libinit2.o)
    0x000002e2   0x000002e2   0x00000000   Code   RO          134    .ARM.Collect$$libinit$$00000023  c_w.l(libinit2.o)
    0x000002e2   0x000002e2   0x00000000   Code   RO          136    .ARM.Collect$$libinit$$00000025  c_w.l(libinit2.o)
    0x000002e2   0x000002e2   0x00000000   Code   RO          138    .ARM.Collect$$libinit$$00000027  c_w.l(libinit2.o)
    0x000002e2   0x000002e2   0x00000000   Code   RO          142    .ARM.Collect$$libinit$$0000002E  c_w.l(libinit2.o)
    0x000002e2   0x000002e2   0x00000000   Code   RO          144    .ARM.Collect$$libinit$$00000030  c_w.l(libinit2.o)
    0x000002e2   0x000002e2   0x00000000   Code   RO          146    .ARM.Collect$$libinit$$00000032  c_w.l(libinit2.o)
    0x000002e2   0x000002e2   0x00000000   Code   RO          148    .ARM.Collect$$libinit$$00000034  c_w.l(libinit2.o)
    0x000002e2   0x000002e2   0x00000002   Code   RO          149    .ARM.Collect$$libinit$$00000035  c_w.l(libinit2.o)
    0x000002e4   0x000002e4   0x00000002   Code   RO          171    .ARM.Collect$$libshutdown$$00000000  c_w.l(libshutdown.o)
    0x000002e6   0x000002e6   0x00000000   Code   RO          186    .ARM.Collect$$libshutdown$$00000002  c_w.l(libshutdown2.o)
    0x000002e6   0x000002e6   0x00000000   Code   RO          188    .ARM.Collect$$libshutdown$$00000004  c_w.l(libshutdown2.o)
    0x000002e6   0x000002e6   0x00000000   Code   RO          191    .ARM.Collect$$libshutdown$$00000007  c_w.l(libshutdown2.o)
    0x000002e6   0x000002e6   0x00000000   Code   RO          194    .ARM.Collect$$libshutdown$$0000000A  c_w.l(libshutdown2.o)
    0x000002e6   0x000002e6   0x00000000   Code   RO          196    .ARM.Collect$$libshutdown$$0000000C  c_w.l(libshutdown2.o)
    0x000002e6   0x000002e6   0x00000000   Code   RO          199    .ARM.Collect$$libshutdown$$0000000F  c_w.l(libshutdown2.o)
    0x000002e6   0x000002e6   0x00000002   Code   RO          200    .ARM.Collect$$libshutdown$$00000010  c_w.l(libshutdown2.o)
    0x000002e8   0x000002e8   0x00000000   Code   RO           72    .ARM.Collect$$rtentry$$00000000  c_w.l(__rtentry.o)
    0x000002e8   0x000002e8   0x00000000   Code   RO           74    .ARM.Collect$$rtentry$$00000002  c_w.l(__rtentry2.o)
    0x000002e8   0x000002e8   0x00000006   Code   RO           86    .ARM.Collect$$rtentry$$00000004  c_w.l(__rtentry4.o)
    0x000002ee   0x000002ee   0x00000000   Code   RO           76    .ARM.Collect$$rtentry$$00000009  c_w.l(__rtentry2.o)
    0x000002ee   0x000002ee   0x00000004   Code   RO           77    .ARM.Collect$$rtentry$$0000000A  c_w.l(__rtentry2.o)
    0x000002f2   0x000002f2   0x00000000   Code   RO           79    .ARM.Collect$$rtentry$$0000000C  c_w.l(__rtentry2.o)
    0x000002f2   0x000002f2   0x00000008   Code   RO           80    .ARM.Collect$$rtentry$$0000000D  c_w.l(__rtentry2.o)
    0x000002fa   0x000002fa   0x00000002   Code   RO          101    .ARM.Collect$$rtexit$$00000000  c_w.l(rtexit.o)
    0x000002fc   0x000002fc   0x00000000   Code   RO          151    .ARM.Collect$$rtexit$$00000002  c_w.l(rtexit2.o)
    0x000002fc   0x000002fc   0x00000004   Code   RO          152    .ARM.Collect$$rtexit$$00000003  c_w.l(rtexit2.o)
    0x00000300   0x00000300   0x00000006   Code   RO          153    .ARM.Collect$$rtexit$$00000004  c_w.l(rtexit2.o)
    0x00000306   0x00000306   0x00000002   PAD
    0x00000308   0x00000308   0x00000324   Code   RO           12    .text               kernel.o
    0x0000062c   0x0000062c   0x00000040   Code   RO           20    .text               arm_startup_nrf52.o
    0x0000066c   0x0000066c   0x00000006   Code   RO           68    .text               c_w.l(heapauxi.o)
    0x00000672   0x00000672   0x0000004a   Code   RO           88    .text               c_w.l(sys_stackheap_outer.o)
    0x000006bc   0x000006bc   0x00000012   Code   RO           90    .text               c_w.l(exit.o)
    0x000006ce   0x000006ce   0x00000002   PAD
    0x000006d0   0x000006d0   0x00000008   Code   RO           98    .text               c_w.l(libspace.o)
    0x000006d8   0x000006d8   0x0000000c   Code   RO          161    .text               c_w.l(sys_exit.o)
    0x000006e4   0x000006e4   0x00000002   Code   RO          176    .text               c_w.l(use_no_semi.o)
    0x000006e6   0x000006e6   0x00000000   Code   RO          178    .text               c_w.l(indicate_semi.o)
    0x000006e6   0x000006e6   0x00000002   PAD
    0x000006e8   0x000006e8   0x00000014   Code   RO           29    .text.SystemCoreClockUpdate  system_nrf52.o
    0x000006fc   0x000006fc   0x000002e0   Code   RO           31    .text.SystemInit    system_nrf52.o
    0x000009dc   0x000009dc   0x00000014   Code   RO            2    .text.main          main.o
    0x000009f0   0x000009f0   0x0000007a   Code   RO           57    .text.nrf52_configuration_249  system_nrf52.o
    0x00000a6a   0x00000a6a   0x00000002   PAD
    0x00000a6c   0x00000a6c   0x000000a8   Code   RO           49    .text.nrf52_errata_108  system_nrf52.o
    0x00000b14   0x00000b14   0x000000a8   Code   RO           33    .text.nrf52_errata_12  system_nrf52.o
    0x00000bbc   0x00000bbc   0x000000a8   Code   RO           51    .text.nrf52_errata_136  system_nrf52.o
    0x00000c64   0x00000c64   0x0000007c   Code   RO           35    .text.nrf52_errata_16  system_nrf52.o
    0x00000ce0   0x00000ce0   0x0000007a   Code   RO           53    .text.nrf52_errata_182  system_nrf52.o
    0x00000d5a   0x00000d5a   0x00000002   PAD
    0x00000d5c   0x00000d5c   0x000000a8   Code   RO           37    .text.nrf52_errata_31  system_nrf52.o
    0x00000e04   0x00000e04   0x0000007c   Code   RO           39    .text.nrf52_errata_32  system_nrf52.o
    0x00000e80   0x00000e80   0x000000a8   Code   RO           41    .text.nrf52_errata_36  system_nrf52.o
    0x00000f28   0x00000f28   0x0000007c   Code   RO           43    .text.nrf52_errata_37  system_nrf52.o
    0x00000fa4   0x00000fa4   0x0000007c   Code   RO           45    .text.nrf52_errata_57  system_nrf52.o
    0x00001020   0x00001020   0x000000a8   Code   RO           47    .text.nrf52_errata_66  system_nrf52.o
    0x000010c8   0x000010c8   0x00000022   Code   RO           55    .text.nrf52_handle_approtect  system_nrf52.o
    0x000010ea   0x000010ea   0x0000001a   Code   RO          159    x$fpl$fpinit        fz_wm.l(fpinit.o)
    0x00001104   0x00001104   0x00000040   Data   RO          234    Region$$Table       anon$$obj.o


    Execution Region RW_IRAM2 (Exec base: 0x00800000, Load base: 0x00001160, Size: 0x00001068, Max: 0x00010000, ABSOLUTE)

    Exec Addr    Load Addr    Size         Type   Attr      Idx    E Section Name        Object

    0x00800000   0x00001160   0x00000004   Data   RW           59    .data.SystemCoreClock  system_nrf52.o
    0x00800004   0x00001164   0x00000004   PAD
    0x00800008        -       0x00000060   Zero   RW           99    .bss                c_w.l(libspace.o)
    0x00800068        -       0x00001000   Zero   RW           18    HEAP                arm_startup_nrf52.o


    Execution Region RW_IRAM1 (Exec base: 0x20000000, Load base: 0x00001148, Size: 0x00001ae0, Max: 0x00010000, ABSOLUTE, COMPRESSED[0x00000018])

    Exec Addr    Load Addr    Size         Type   Attr      Idx    E Section Name        Object

    0x20000000   COMPRESSED   0x00000adc   Data   RW           11    .data               kernel.o
    0x20000adc   COMPRESSED   0x00000004   PAD
    0x20000ae0        -       0x00001000   Zero   RW           17    STACK               arm_startup_nrf52.o


==============================================================================

Image component sizes


      Code (inc. data)   RO Data    RW Data    ZI Data      Debug   Object Name

        64         26        512          0       8192        920   arm_startup_nrf52.o
       804         96          0       2780          0        408   kernel.o
        20          0          0          0          0        369   main.o
      2538         72          0          4          0       9700   system_nrf52.o

    ----------------------------------------------------------------------
      3430        194        576       2784       8200      11397   Object Totals
         0          0         64          0          0          0   (incl. Generated)
         4          0          0          0          8          0   (incl. Padding)

    ----------------------------------------------------------------------

      Code (inc. data)   RO Data    RW Data    ZI Data      Debug   Library Member Name

        58          0          0          0          0          0   __dczerorl.o
         8          0          0          0          0         68   __main.o
         0          0          0          0          0          0   __rtentry.o
        12          0          0          0          0          0   __rtentry2.o
         6          0          0          0          0          0   __rtentry4.o
        94          8          0          0          0          0   __scatter.o
        26          0          0          0          0          0   __scatter_copy.o
        28          0          0          0          0          0   __scatter_zi.o
        18          0          0          0          0         80   exit.o
         6          0          0          0          0        152   heapauxi.o
         0          0          0          0          0          0   indicate_semi.o
         2          0          0          0          0          0   libinit.o
         6          0          0          0          0          0   libinit2.o
         2          0          0          0          0          0   libshutdown.o
         2          0          0          0          0          0   libshutdown2.o
         8          4          0          0         96         68   libspace.o
         2          0          0          0          0          0   rtexit.o
        10          0          0          0          0          0   rtexit2.o
        12          4          0          0          0         68   sys_exit.o
        74          0          0          0          0         80   sys_stackheap_outer.o
         2          0          0          0          0         68   use_no_semi.o
        26          0          0          0          0        116   fpinit.o

    ----------------------------------------------------------------------
       414         16          0          0         96        700   Library Totals
        12          0          0          0          0          0   (incl. Padding)

    ----------------------------------------------------------------------

      Code (inc. data)   RO Data    RW Data    ZI Data      Debug   Library Name

       376         16          0          0         96        584   c_w.l
        26          0          0          0          0        116   fz_wm.l

    ----------------------------------------------------------------------
       414         16          0          0         96        700   Library Totals

    ----------------------------------------------------------------------

==============================================================================


      Code (inc. data)   RO Data    RW Data    ZI Data      Debug   

      3844        210        576       2784       8296      12057   Grand Totals
      3844        210        576         28       8296      12057   ELF Image Totals (compressed)
      3844        210        576         28          0          0   ROM Totals

==============================================================================

    Total RO  Size (Code + RO Data)                 4420 (   4.32kB)
    Total RW  Size (RW Data + ZI Data)             11080 (  10.82kB)
    Total ROM Size (Code + RO Data + RW Data)       4448 (   4.34kB)

==============================================================================

